// Jest Snapshot v1, https://goo.gl/fbAQLP

exports[`renders AddCar component correctly 1`] = `"<div><button class=\\"MuiButtonBase-root MuiButton-root MuiButton-contained MuiButton-containedPrimary MuiButton-sizeMedium MuiButton-containedSizeMedium MuiButton-colorPrimary MuiButton-root MuiButton-contained MuiButton-containedPrimary MuiButton-sizeMedium MuiButton-containedSizeMedium MuiButton-colorPrimary css-74d805-MuiButtonBase-root-MuiButton-root\\" tabindex=\\"0\\" type=\\"button\\">Add Car</button></div>"`;
